// Jest Snapshot v1, https://goo.gl/fbAQLP

exports[`BreaksCardView Component Initialization renders and matches snapshot 1`] = `
Object {
  "asFragment": [Function],
  "baseElement": <body>
    <div>
      <div
        data-testid="header-row"
      >
        <span
          class="intuit light body-1"
        >
          <strong
            class="intuit light inherit medium"
          >
            Breaks
          </strong>
        </span>
        <div
          data-testid="actions"
        >
          <button
            aria-label="edit-breaks"
            data-testid="icon-control"
          >
            <span
              data-testid="new-window-icon"
            >
              NewWindow
            </span>
          </button>
        </div>
      </div>
      <div
        data-testid="breaks-grid"
      >
        <div
          data-testid="breaks-column"
        >
          <span
            class="intuit light body-4"
            style="color: rgb(107, 113, 119);"
          >
            <strong
              class="intuit light inherit demi"
            >
              Paid breaks
            </strong>
          </span>
          <div
            data-testid="break-rule-item"
          >
            <span
              class="intuit light body-2"
            >
              <strong
                class="intuit light inherit medium"
              >
                Paid Lunch Break
              </strong>
            </span>
          </div>
        </div>
        <div
          data-testid="breaks-column"
        >
          <span
            class="intuit light body-4"
            style="color: rgb(107, 113, 119);"
          >
            <strong
              class="intuit light inherit demi"
            >
              Unpaid breaks
            </strong>
          </span>
          <div
            data-testid="break-rule-item"
          >
            <span
              class="intuit light body-2"
            >
              <strong
                class="intuit light inherit medium"
              >
                Unpaid Coffee Break
              </strong>
            </span>
          </div>
        </div>
      </div>
    </div>
  </body>,
  "container": <div>
    <div
      data-testid="header-row"
    >
      <span
        class="intuit light body-1"
      >
        <strong
          class="intuit light inherit medium"
        >
          Breaks
        </strong>
      </span>
      <div
        data-testid="actions"
      >
        <button
          aria-label="edit-breaks"
          data-testid="icon-control"
        >
          <span
            data-testid="new-window-icon"
          >
            NewWindow
          </span>
        </button>
      </div>
    </div>
    <div
      data-testid="breaks-grid"
    >
      <div
        data-testid="breaks-column"
      >
        <span
          class="intuit light body-4"
          style="color: rgb(107, 113, 119);"
        >
          <strong
            class="intuit light inherit demi"
          >
            Paid breaks
          </strong>
        </span>
        <div
          data-testid="break-rule-item"
        >
          <span
            class="intuit light body-2"
          >
            <strong
              class="intuit light inherit medium"
            >
              Paid Lunch Break
            </strong>
          </span>
        </div>
      </div>
      <div
        data-testid="breaks-column"
      >
        <span
          class="intuit light body-4"
          style="color: rgb(107, 113, 119);"
        >
          <strong
            class="intuit light inherit demi"
          >
            Unpaid breaks
          </strong>
        </span>
        <div
          data-testid="break-rule-item"
        >
          <span
            class="intuit light body-2"
          >
            <strong
              class="intuit light inherit medium"
            >
              Unpaid Coffee Break
            </strong>
          </span>
        </div>
      </div>
    </div>
  </div>,
  "debug": [Function],
  "findAllByAltText": [Function],
  "findAllByDisplayValue": [Function],
  "findAllByLabelText": [Function],
  "findAllByPlaceholderText": [Function],
  "findAllByRole": [Function],
  "findAllByTestId": [Function],
  "findAllByText": [Function],
  "findAllByTitle": [Function],
  "findByAltText": [Function],
  "findByDisplayValue": [Function],
  "findByLabelText": [Function],
  "findByPlaceholderText": [Function],
  "findByRole": [Function],
  "findByTestId": [Function],
  "findByText": [Function],
  "findByTitle": [Function],
  "getAllByAltText": [Function],
  "getAllByDisplayValue": [Function],
  "getAllByLabelText": [Function],
  "getAllByPlaceholderText": [Function],
  "getAllByRole": [Function],
  "getAllByTestId": [Function],
  "getAllByText": [Function],
  "getAllByTitle": [Function],
  "getByAltText": [Function],
  "getByDisplayValue": [Function],
  "getByLabelText": [Function],
  "getByPlaceholderText": [Function],
  "getByRole": [Function],
  "getByTestId": [Function],
  "getByText": [Function],
  "getByTitle": [Function],
  "queryAllByAltText": [Function],
  "queryAllByDisplayValue": [Function],
  "queryAllByLabelText": [Function],
  "queryAllByPlaceholderText": [Function],
  "queryAllByRole": [Function],
  "queryAllByTestId": [Function],
  "queryAllByText": [Function],
  "queryAllByTitle": [Function],
  "queryByAltText": [Function],
  "queryByDisplayValue": [Function],
  "queryByLabelText": [Function],
  "queryByPlaceholderText": [Function],
  "queryByRole": [Function],
  "queryByTestId": [Function],
  "queryByText": [Function],
  "queryByTitle": [Function],
  "rerender": [Function],
  "unmount": [Function],
}
`;
